// Jest Snapshot v1, https://goo.gl/fbAQLP

exports[`Footer Component should render Footer Component 1`] = `ShallowWrapper {}`;
