// Jest Snapshot v1, https://goo.gl/fbAQLP

exports[`NavDropDown Component should render NavDropDown Component 1`] = `ShallowWrapper {}`;
