// Jest Snapshot v1, https://goo.gl/fbAQLP

exports[`OrderItems Component should render OrderItems Component 1`] = `ShallowWrapper {}`;
