// Jest Snapshot v1, https://goo.gl/fbAQLP

exports[`Orders Component should render Orders Component 1`] = `ShallowWrapper {}`;
