// Jest Snapshot v1, https://goo.gl/fbAQLP

exports[`FormInput Component should render FormInput Component 1`] = `ShallowWrapper {}`;
