// Jest Snapshot v1, https://goo.gl/fbAQLP

exports[`UpdateProfile Component should render UpdateProfile Component 1`] = `ShallowWrapper {}`;
