// Jest Snapshot v1, https://goo.gl/fbAQLP

exports[`ShopPage Component should render ShopPage Component 1`] = `ShallowWrapper {}`;
