// Jest Snapshot v1, https://goo.gl/fbAQLP

exports[`ThankYouPage Component should render ThankYouPage Component 1`] = `ShallowWrapper {}`;
