// Jest Snapshot v1, https://goo.gl/fbAQLP

exports[`ProductsPage Component should render ProductsPage Component 1`] = `ShallowWrapper {}`;
