// Jest Snapshot v1, https://goo.gl/fbAQLP

exports[`Spinner Component should render Spinner Component 1`] = `ShallowWrapper {}`;
