// Jest Snapshot v1, https://goo.gl/fbAQLP

exports[`CheckoutItem Component should render CheckoutItem Component 1`] = `ShallowWrapper {}`;
