// Jest Snapshot v1, https://goo.gl/fbAQLP

exports[`BreadCrumbNav Component should render BreadCrumbNav Component 1`] = `ShallowWrapper {}`;
