// Jest Snapshot v1, https://goo.gl/fbAQLP

exports[`HomePage Component should render HomePage Component 1`] = `ShallowWrapper {}`;
