// Jest Snapshot v1, https://goo.gl/fbAQLP

exports[`OrderItem Component should render OrderItem Component 1`] = `ShallowWrapper {}`;
