// Jest Snapshot v1, https://goo.gl/fbAQLP

exports[`Header Component should render ProductItem Component 1`] = `ShallowWrapper {}`;
