// Jest Snapshot v1, https://goo.gl/fbAQLP

exports[`CategoryItems Component should render CategoryItems Component 1`] = `ShallowWrapper {}`;
