// Jest Snapshot v1, https://goo.gl/fbAQLP

exports[`CartDropDown Component should render CartDropDown Component 1`] = `ShallowWrapper {}`;
