// Jest Snapshot v1, https://goo.gl/fbAQLP

exports[`SignInAndSignUpPage Component should render SignInAndSignUpPage Component 1`] = `ShallowWrapper {}`;
