// Jest Snapshot v1, https://goo.gl/fbAQLP

exports[`App Component should render App Component 1`] = `ShallowWrapper {}`;
