// Jest Snapshot v1, https://goo.gl/fbAQLP

exports[`CartItem Component should render CartItem Component 1`] = `ShallowWrapper {}`;
