// Jest Snapshot v1, https://goo.gl/fbAQLP

exports[`Directory Component should render Directory Component 1`] = `ShallowWrapper {}`;
