// Jest Snapshot v1, https://goo.gl/fbAQLP

exports[`SignIn Component should render SignIn Component 1`] = `ShallowWrapper {}`;
