// Jest Snapshot v1, https://goo.gl/fbAQLP

exports[`SignUp Component should render SignUp Component 1`] = `ShallowWrapper {}`;
