// Jest Snapshot v1, https://goo.gl/fbAQLP

exports[`CheckoutPage Component should render CheckoutPage Component 1`] = `ShallowWrapper {}`;
