// Jest Snapshot v1, https://goo.gl/fbAQLP

exports[`CustomButton Component should render CustomButton Component 1`] = `ShallowWrapper {}`;
