// Jest Snapshot v1, https://goo.gl/fbAQLP

exports[`CategoriesPage Component should render CategoriesPage Component 1`] = `ShallowWrapper {}`;
