// Jest Snapshot v1, https://goo.gl/fbAQLP

exports[`EditProfilePage Component should render EditProfilePage Component 1`] = `ShallowWrapper {}`;
