// Jest Snapshot v1, https://goo.gl/fbAQLP

exports[`ImageSlider Component should render ImageSlider Component 1`] = `ShallowWrapper {}`;
