// Jest Snapshot v1, https://goo.gl/fbAQLP

exports[`DirectoryItems Component should render DirectoryItems Component 1`] = `ShallowWrapper {}`;
