// Jest Snapshot v1, https://goo.gl/fbAQLP

exports[`Alert Component should render Alert Component 1`] = `ShallowWrapper {}`;
